---
source: src/elements/styled_box.rs
expression: bytes
extension: pdf
snapshot_kind: binary
---
