---
source: src/elements/text.rs
expression: bytes
extension: pdf
snapshot_kind: binary
---
