---
source: src/elements/circle.rs
expression: bytes
extension: pdf
snapshot_kind: binary
---
