---
source: src/elements/max_width.rs
expression: bytes
extension: pdf
snapshot_kind: binary
---
