---
source: src/elements/svg.rs
expression: bytes
extension: pdf
snapshot_kind: binary
---
